IS_cluster_115105_length_655	ISVat2_IS256_IS1249	96.486	656	44	0	100	1351	9	1260	0.0	2069
IS_cluster_115105_length_655	ISVat3_IS256_IS1249	96.486	656	44	0	100	1351	9	1260	0.0	2069
IS_cluster_2614_length_1455	IS1249_IS256_IS1249	99.928	1455	1	0	3	1387	1	1385	0.0	2553
IS_cluster_2614_length_1455	IS1249_IS256_IS1249	99.928	1455	1	0	3	1387	1	1385	0.0	2553
IS_cluster_2614_length_1455	IS3507_IS256_IS1249	84.516	1455	199	13	3	1387	1	1388	0.0	1363
IS_cluster_2614_length_1455	ISCge1_IS256_IS1249	84.339	1455	205	12	3	1387	1	1386	0.0	1351
IS_cluster_2614_length_1455	ISCur2_IS256_IS1249	77.525	1455	273	39	3	1387	1	1384	0.0	806
